// Jest Snapshot v1, https://goo.gl/fbAQLP

exports[`renders default 1`] = `
<div
  className="MuiFormControl-root MuiTextField-root Input-root-1  MuiFormControl-marginNormal"
>
  <label
    className="MuiFormLabel-root MuiInputLabel-root MuiInputLabel-formControl MuiInputLabel-animated MuiInputLabel-outlined"
    data-shrink={false}
    htmlFor="outlined-password-input"
  >
    text
  </label>
  <div
    className="MuiInputBase-root MuiOutlinedInput-root MuiInputBase-formControl"
    onClick={[Function]}
  >
    <fieldset
      aria-hidden={true}
      className="PrivateNotchedOutline-root-58 MuiOutlinedInput-notchedOutline"
      style={
        Object {
          "paddingLeft": 8,
        }
      }
    >
      <legend
        className="PrivateNotchedOutline-legend-59"
        style={
          Object {
            "width": 0.01,
          }
        }
      >
        <span
          dangerouslySetInnerHTML={
            Object {
              "__html": "&#8203;",
            }
          }
        />
      </legend>
    </fieldset>
    <input
      aria-invalid={false}
      autoComplete="current-password"
      className="MuiInputBase-input MuiOutlinedInput-input"
      disabled={false}
      id="outlined-password-input"
      onBlur={[Function]}
      onChange={[Function]}
      onFocus={[Function]}
      required={false}
      type="text"
      value=""
    />
  </div>
</div>
`;
